// Jest Snapshot v1, https://goo.gl/fbAQLP

exports[`Filters Date Range 1`] = `
<Filters
  firstFilterTypeLabel="First Condition *"
  firstFilterValueLabel=""
  mvEnabled={true}
  onChange={[MockFunction]}
  range={true}
  secondFilterTypeLabel="Second Condition"
  secondFilterValueLabel=""
  type="date"
  validatorIndex={1}
>
  <Row
    bsClass="row"
    className="domain-validator-filter-type-row"
    componentClass="div"
  >
    <div
      className="domain-validator-filter-type-row row"
    >
      <Col
        bsClass="col"
        componentClass="div"
        xs={4}
      >
        <div
          className="col-xs-4"
        >
          <div
            id="domain-filter-type-label-1"
          >
            First Condition *
          </div>
        </div>
      </Col>
      <Col
        bsClass="col"
        componentClass="div"
        xs={8}
      >
        <div
          className="col-xs-8"
        >
          <div>
            <FormControl
              bsClass="form-control"
              componentClass="select"
              id="domainpropertiesrow-firstFilterType-1"
              name="domainpropertiesrow-firstFilterType"
              onChange={[Function]}
              required={true}
              value="eq"
            >
              <select
                className="form-control"
                id="domainpropertiesrow-firstFilterType-1"
                name="domainpropertiesrow-firstFilterType"
                onChange={[Function]}
                required={true}
                value="eq"
              >
                <option
                  key="0"
                  value="dateeq"
                >
                  Equals
                </option>
                <option
                  key="1"
                  value="dateneq"
                >
                  Does Not Equal
                </option>
                <option
                  key="2"
                  value="dategt"
                >
                  Is Greater Than
                </option>
                <option
                  key="3"
                  value="dategte"
                >
                  Is Greater Than or Equal To
                </option>
                <option
                  key="4"
                  value="datelt"
                >
                  Is Less Than
                </option>
                <option
                  key="5"
                  value="datelte"
                >
                  Is Less Than or Equal To
                </option>
              </select>
            </FormControl>
          </div>
        </div>
      </Col>
    </div>
  </Row>
  <Row
    bsClass="row"
    className="domain-validator-filter-row"
    componentClass="div"
  >
    <div
      className="domain-validator-filter-row row"
    >
      <Col
        bsClass="col"
        componentClass="div"
        xs={4}
      >
        <div
          className="col-xs-4"
        >
          <div
            id="domain-filter-value-label-1"
          />
        </div>
      </Col>
      <Col
        bsClass="col"
        componentClass="div"
        xs={8}
      >
        <div
          className="col-xs-8"
        >
          <div>
            <FormControl
              bsClass="form-control"
              componentClass="input"
              disabled={false}
              id="domainpropertiesrow-firstFilterValue-1"
              name="domainpropertiesrow-firstFilterValue"
              onChange={[Function]}
              required={true}
              type="date"
              value=""
            >
              <input
                className="form-control"
                disabled={false}
                id="domainpropertiesrow-firstFilterValue-1"
                name="domainpropertiesrow-firstFilterValue"
                onChange={[Function]}
                required={true}
                type="date"
                value=""
              />
            </FormControl>
          </div>
        </div>
      </Col>
    </div>
  </Row>
  <Row
    bsClass="row"
    className="domain-validator-filter-type-row"
    componentClass="div"
  >
    <div
      className="domain-validator-filter-type-row row"
    >
      <Col
        bsClass="col"
        componentClass="div"
        xs={4}
      >
        <div
          className="col-xs-4"
        >
          <div
            id="domain-filter-type-label-2"
          >
            Second Condition
          </div>
        </div>
      </Col>
      <Col
        bsClass="col"
        componentClass="div"
        xs={8}
      >
        <div
          className="col-xs-8"
        >
          <div>
            <FormControl
              bsClass="form-control"
              componentClass="select"
              id="domainpropertiesrow-secondFilterType-1"
              name="domainpropertiesrow-secondFilterType"
              onChange={[Function]}
              value="None"
            >
              <select
                className="form-control"
                id="domainpropertiesrow-secondFilterType-1"
                name="domainpropertiesrow-secondFilterType"
                onChange={[Function]}
                value="None"
              >
                <option
                  key="0"
                  value="None"
                >
                  No other filter
                </option>
                <option
                  key="1"
                  value="dateeq"
                >
                  Equals
                </option>
                <option
                  key="2"
                  value="dateneq"
                >
                  Does Not Equal
                </option>
                <option
                  key="3"
                  value="dategt"
                >
                  Is Greater Than
                </option>
                <option
                  key="4"
                  value="dategte"
                >
                  Is Greater Than or Equal To
                </option>
                <option
                  key="5"
                  value="datelt"
                >
                  Is Less Than
                </option>
                <option
                  key="6"
                  value="datelte"
                >
                  Is Less Than or Equal To
                </option>
              </select>
            </FormControl>
          </div>
        </div>
      </Col>
    </div>
  </Row>
  <Row
    bsClass="row"
    className="domain-validator-filter-bottom"
    componentClass="div"
  >
    <div
      className="domain-validator-filter-bottom row"
    >
      <Col
        bsClass="col"
        componentClass="div"
        xs={4}
      >
        <div
          className="col-xs-4"
        >
          <div
            id="domain-filter-value-label-2"
          />
        </div>
      </Col>
      <Col
        bsClass="col"
        componentClass="div"
        xs={8}
      >
        <div
          className="col-xs-8"
        >
          <div>
            <FormControl
              bsClass="form-control"
              componentClass="input"
              disabled={true}
              id="domainpropertiesrow-secondFilterValue-1"
              name="domainpropertiesrow-secondFilterValue"
              onChange={[Function]}
              type="date"
              value=""
            >
              <input
                className="form-control"
                disabled={true}
                id="domainpropertiesrow-secondFilterValue-1"
                name="domainpropertiesrow-secondFilterValue"
                onChange={[Function]}
                type="date"
                value=""
              />
            </FormControl>
          </div>
        </div>
      </Col>
    </div>
  </Row>
</Filters>
`;

exports[`Filters Empty Filters - string type 1`] = `
<Filters
  firstFilterTypeLabel="TypeLabel1"
  firstFilterValueLabel="ValueLabel1"
  mvEnabled={false}
  onChange={[MockFunction]}
  secondFilterTypeLabel="TypeLabel2"
  secondFilterValueLabel="ValueLabel2"
  type="string"
  validatorIndex={3}
>
  <Row
    bsClass="row"
    className="domain-validator-filter-type-row"
    componentClass="div"
  >
    <div
      className="domain-validator-filter-type-row row"
    >
      <Col
        bsClass="col"
        componentClass="div"
        xs={4}
      >
        <div
          className="col-xs-4"
        >
          <div
            id="domain-filter-type-label-1"
          >
            TypeLabel1
          </div>
        </div>
      </Col>
      <Col
        bsClass="col"
        componentClass="div"
        xs={8}
      >
        <div
          className="col-xs-8"
        >
          <div>
            <FormControl
              bsClass="form-control"
              componentClass="select"
              id="domainpropertiesrow-firstFilterType-3"
              name="domainpropertiesrow-firstFilterType"
              onChange={[Function]}
              required={true}
              value="eq"
            >
              <select
                className="form-control"
                id="domainpropertiesrow-firstFilterType-3"
                name="domainpropertiesrow-firstFilterType"
                onChange={[Function]}
                required={true}
                value="eq"
              >
                <option
                  key="0"
                  value="HAS_ANY_VALUE"
                >
                  Has Any Value
                </option>
                <option
                  key="1"
                  value="eq"
                >
                  Equals
                </option>
                <option
                  key="2"
                  value="neqornull"
                >
                  Does Not Equal
                </option>
                <option
                  key="3"
                  value="isblank"
                >
                  Is Blank
                </option>
                <option
                  key="4"
                  value="isnonblank"
                >
                  Is Not Blank
                </option>
                <option
                  key="5"
                  value="gt"
                >
                  Is Greater Than
                </option>
                <option
                  key="6"
                  value="lt"
                >
                  Is Less Than
                </option>
                <option
                  key="7"
                  value="gte"
                >
                  Is Greater Than or Equal To
                </option>
                <option
                  key="8"
                  value="lte"
                >
                  Is Less Than or Equal To
                </option>
                <option
                  key="9"
                  value="contains"
                >
                  Contains
                </option>
                <option
                  key="10"
                  value="doesnotcontain"
                >
                  Does Not Contain
                </option>
                <option
                  key="11"
                  value="doesnotstartwith"
                >
                  Does Not Start With
                </option>
                <option
                  key="12"
                  value="startswith"
                >
                  Starts With
                </option>
                <option
                  key="13"
                  value="in"
                >
                  Equals One Of (example usage: a;b;c)
                </option>
                <option
                  key="14"
                  value="notin"
                >
                  Does Not Equal Any Of (example usage: a;b;c)
                </option>
                <option
                  key="15"
                  value="containsoneof"
                >
                  Contains One Of (example usage: a;b;c)
                </option>
                <option
                  key="16"
                  value="containsnoneof"
                >
                  Does Not Contain Any Of (example usage: a;b;c)
                </option>
                <option
                  key="17"
                  value="between"
                >
                  Between, Inclusive (example usage: -4,4)
                </option>
                <option
                  key="18"
                  value="notbetween"
                >
                  Not Between, Exclusive (example usage: -4,4)
                </option>
              </select>
            </FormControl>
          </div>
        </div>
      </Col>
    </div>
  </Row>
  <Row
    bsClass="row"
    className="domain-validator-filter-row"
    componentClass="div"
  >
    <div
      className="domain-validator-filter-row row"
    >
      <Col
        bsClass="col"
        componentClass="div"
        xs={4}
      >
        <div
          className="col-xs-4"
        >
          <div
            id="domain-filter-value-label-1"
          >
            ValueLabel1
          </div>
        </div>
      </Col>
      <Col
        bsClass="col"
        componentClass="div"
        xs={8}
      >
        <div
          className="col-xs-8"
        >
          <div>
            <FormControl
              bsClass="form-control"
              componentClass="input"
              disabled={false}
              id="domainpropertiesrow-firstFilterValue-3"
              name="domainpropertiesrow-firstFilterValue"
              onChange={[Function]}
              required={true}
              type="text"
              value=""
            >
              <input
                className="form-control"
                disabled={false}
                id="domainpropertiesrow-firstFilterValue-3"
                name="domainpropertiesrow-firstFilterValue"
                onChange={[Function]}
                required={true}
                type="text"
                value=""
              />
            </FormControl>
          </div>
        </div>
      </Col>
    </div>
  </Row>
  <Row
    bsClass="row"
    className="domain-validator-filter-type-row"
    componentClass="div"
  >
    <div
      className="domain-validator-filter-type-row row"
    >
      <Col
        bsClass="col"
        componentClass="div"
        xs={4}
      >
        <div
          className="col-xs-4"
        >
          <div
            id="domain-filter-type-label-2"
          >
            TypeLabel2
          </div>
        </div>
      </Col>
      <Col
        bsClass="col"
        componentClass="div"
        xs={8}
      >
        <div
          className="col-xs-8"
        >
          <div>
            <FormControl
              bsClass="form-control"
              componentClass="select"
              id="domainpropertiesrow-secondFilterType-3"
              name="domainpropertiesrow-secondFilterType"
              onChange={[Function]}
              value="None"
            >
              <select
                className="form-control"
                id="domainpropertiesrow-secondFilterType-3"
                name="domainpropertiesrow-secondFilterType"
                onChange={[Function]}
                value="None"
              >
                <option
                  key="0"
                  value="None"
                >
                  No other filter
                </option>
                <option
                  key="1"
                  value="HAS_ANY_VALUE"
                >
                  Has Any Value
                </option>
                <option
                  key="2"
                  value="eq"
                >
                  Equals
                </option>
                <option
                  key="3"
                  value="neqornull"
                >
                  Does Not Equal
                </option>
                <option
                  key="4"
                  value="isblank"
                >
                  Is Blank
                </option>
                <option
                  key="5"
                  value="isnonblank"
                >
                  Is Not Blank
                </option>
                <option
                  key="6"
                  value="gt"
                >
                  Is Greater Than
                </option>
                <option
                  key="7"
                  value="lt"
                >
                  Is Less Than
                </option>
                <option
                  key="8"
                  value="gte"
                >
                  Is Greater Than or Equal To
                </option>
                <option
                  key="9"
                  value="lte"
                >
                  Is Less Than or Equal To
                </option>
                <option
                  key="10"
                  value="contains"
                >
                  Contains
                </option>
                <option
                  key="11"
                  value="doesnotcontain"
                >
                  Does Not Contain
                </option>
                <option
                  key="12"
                  value="doesnotstartwith"
                >
                  Does Not Start With
                </option>
                <option
                  key="13"
                  value="startswith"
                >
                  Starts With
                </option>
                <option
                  key="14"
                  value="in"
                >
                  Equals One Of (example usage: a;b;c)
                </option>
                <option
                  key="15"
                  value="notin"
                >
                  Does Not Equal Any Of (example usage: a;b;c)
                </option>
                <option
                  key="16"
                  value="containsoneof"
                >
                  Contains One Of (example usage: a;b;c)
                </option>
                <option
                  key="17"
                  value="containsnoneof"
                >
                  Does Not Contain Any Of (example usage: a;b;c)
                </option>
                <option
                  key="18"
                  value="between"
                >
                  Between, Inclusive (example usage: -4,4)
                </option>
                <option
                  key="19"
                  value="notbetween"
                >
                  Not Between, Exclusive (example usage: -4,4)
                </option>
              </select>
            </FormControl>
          </div>
        </div>
      </Col>
    </div>
  </Row>
  <Row
    bsClass="row"
    className="domain-validator-filter-bottom"
    componentClass="div"
  >
    <div
      className="domain-validator-filter-bottom row"
    >
      <Col
        bsClass="col"
        componentClass="div"
        xs={4}
      >
        <div
          className="col-xs-4"
        >
          <div
            id="domain-filter-value-label-2"
          >
            ValueLabel2
          </div>
        </div>
      </Col>
      <Col
        bsClass="col"
        componentClass="div"
        xs={8}
      >
        <div
          className="col-xs-8"
        >
          <div>
            <FormControl
              bsClass="form-control"
              componentClass="input"
              disabled={true}
              id="domainpropertiesrow-secondFilterValue-3"
              name="domainpropertiesrow-secondFilterValue"
              onChange={[Function]}
              type="text"
              value=""
            >
              <input
                className="form-control"
                disabled={true}
                id="domainpropertiesrow-secondFilterValue-3"
                name="domainpropertiesrow-secondFilterValue"
                onChange={[Function]}
                type="text"
                value=""
              />
            </FormControl>
          </div>
        </div>
      </Col>
    </div>
  </Row>
</Filters>
`;

exports[`Filters Test Expressions 1`] = `
<Filters
  expression="format.column~isblank="
  firstFilterTypeLabel="First Condition *"
  firstFilterValueLabel=""
  mvEnabled={true}
  onChange={[MockFunction]}
  prefix="format.column"
  secondFilterTypeLabel="Second Condition"
  secondFilterValueLabel=""
  type="int"
  validatorIndex={1}
>
  <Row
    bsClass="row"
    className="domain-validator-filter-type-row"
    componentClass="div"
  >
    <div
      className="domain-validator-filter-type-row row"
    >
      <Col
        bsClass="col"
        componentClass="div"
        xs={4}
      >
        <div
          className="col-xs-4"
        >
          <div
            id="domain-filter-type-label-1"
          >
            First Condition *
          </div>
        </div>
      </Col>
      <Col
        bsClass="col"
        componentClass="div"
        xs={8}
      >
        <div
          className="col-xs-8"
        >
          <div>
            <FormControl
              bsClass="form-control"
              componentClass="select"
              id="domainpropertiesrow-firstFilterType-1"
              name="domainpropertiesrow-firstFilterType"
              onChange={[Function]}
              required={true}
              value="neqornull"
            >
              <select
                className="form-control"
                id="domainpropertiesrow-firstFilterType-1"
                name="domainpropertiesrow-firstFilterType"
                onChange={[Function]}
                required={true}
                value="neqornull"
              >
                <option
                  key="0"
                  value="HAS_ANY_VALUE"
                >
                  Has Any Value
                </option>
                <option
                  key="1"
                  value="eq"
                >
                  Equals
                </option>
                <option
                  key="2"
                  value="neqornull"
                >
                  Does Not Equal
                </option>
                <option
                  key="3"
                  value="isblank"
                >
                  Is Blank
                </option>
                <option
                  key="4"
                  value="isnonblank"
                >
                  Is Not Blank
                </option>
                <option
                  key="5"
                  value="gt"
                >
                  Is Greater Than
                </option>
                <option
                  key="6"
                  value="lt"
                >
                  Is Less Than
                </option>
                <option
                  key="7"
                  value="gte"
                >
                  Is Greater Than or Equal To
                </option>
                <option
                  key="8"
                  value="lte"
                >
                  Is Less Than or Equal To
                </option>
                <option
                  key="9"
                  value="in"
                >
                  Equals One Of (example usage: a;b;c)
                </option>
                <option
                  key="10"
                  value="notin"
                >
                  Does Not Equal Any Of (example usage: a;b;c)
                </option>
                <option
                  key="11"
                  value="between"
                >
                  Between, Inclusive (example usage: -4,4)
                </option>
                <option
                  key="12"
                  value="notbetween"
                >
                  Not Between, Exclusive (example usage: -4,4)
                </option>
                <option
                  key="13"
                  value="hasmvvalue"
                >
                  Has a missing value indicator
                </option>
                <option
                  key="14"
                  value="nomvvalue"
                >
                  Does not have a missing value indicator
                </option>
              </select>
            </FormControl>
          </div>
        </div>
      </Col>
    </div>
  </Row>
  <Row
    bsClass="row"
    className="domain-validator-filter-row"
    componentClass="div"
  >
    <div
      className="domain-validator-filter-row row"
    >
      <Col
        bsClass="col"
        componentClass="div"
        xs={4}
      >
        <div
          className="col-xs-4"
        >
          <div
            id="domain-filter-value-label-1"
          />
        </div>
      </Col>
      <Col
        bsClass="col"
        componentClass="div"
        xs={8}
      >
        <div
          className="col-xs-8"
        >
          <div>
            <FormControl
              bsClass="form-control"
              componentClass="input"
              disabled={false}
              id="domainpropertiesrow-firstFilterValue-1"
              name="domainpropertiesrow-firstFilterValue"
              onChange={[Function]}
              required={true}
              type="number"
              value="-5"
            >
              <input
                className="form-control"
                disabled={false}
                id="domainpropertiesrow-firstFilterValue-1"
                name="domainpropertiesrow-firstFilterValue"
                onChange={[Function]}
                required={true}
                type="number"
                value="-5"
              />
            </FormControl>
          </div>
        </div>
      </Col>
    </div>
  </Row>
  <Row
    bsClass="row"
    className="domain-validator-filter-type-row"
    componentClass="div"
  >
    <div
      className="domain-validator-filter-type-row row"
    >
      <Col
        bsClass="col"
        componentClass="div"
        xs={4}
      >
        <div
          className="col-xs-4"
        >
          <div
            id="domain-filter-type-label-2"
          >
            Second Condition
          </div>
        </div>
      </Col>
      <Col
        bsClass="col"
        componentClass="div"
        xs={8}
      >
        <div
          className="col-xs-8"
        >
          <div>
            <FormControl
              bsClass="form-control"
              componentClass="select"
              id="domainpropertiesrow-secondFilterType-1"
              name="domainpropertiesrow-secondFilterType"
              onChange={[Function]}
              value="hasmvvalue"
            >
              <select
                className="form-control"
                id="domainpropertiesrow-secondFilterType-1"
                name="domainpropertiesrow-secondFilterType"
                onChange={[Function]}
                value="hasmvvalue"
              >
                <option
                  key="0"
                  value="None"
                >
                  No other filter
                </option>
                <option
                  key="1"
                  value="HAS_ANY_VALUE"
                >
                  Has Any Value
                </option>
                <option
                  key="2"
                  value="eq"
                >
                  Equals
                </option>
                <option
                  key="3"
                  value="neqornull"
                >
                  Does Not Equal
                </option>
                <option
                  key="4"
                  value="isblank"
                >
                  Is Blank
                </option>
                <option
                  key="5"
                  value="isnonblank"
                >
                  Is Not Blank
                </option>
                <option
                  key="6"
                  value="gt"
                >
                  Is Greater Than
                </option>
                <option
                  key="7"
                  value="lt"
                >
                  Is Less Than
                </option>
                <option
                  key="8"
                  value="gte"
                >
                  Is Greater Than or Equal To
                </option>
                <option
                  key="9"
                  value="lte"
                >
                  Is Less Than or Equal To
                </option>
                <option
                  key="10"
                  value="in"
                >
                  Equals One Of (example usage: a;b;c)
                </option>
                <option
                  key="11"
                  value="notin"
                >
                  Does Not Equal Any Of (example usage: a;b;c)
                </option>
                <option
                  key="12"
                  value="between"
                >
                  Between, Inclusive (example usage: -4,4)
                </option>
                <option
                  key="13"
                  value="notbetween"
                >
                  Not Between, Exclusive (example usage: -4,4)
                </option>
                <option
                  key="14"
                  value="hasmvvalue"
                >
                  Has a missing value indicator
                </option>
                <option
                  key="15"
                  value="nomvvalue"
                >
                  Does not have a missing value indicator
                </option>
              </select>
            </FormControl>
          </div>
        </div>
      </Col>
    </div>
  </Row>
  <Row
    bsClass="row"
    className="domain-validator-filter-bottom"
    componentClass="div"
  >
    <div
      className="domain-validator-filter-bottom row"
    >
      <Col
        bsClass="col"
        componentClass="div"
        xs={4}
      >
        <div
          className="col-xs-4"
        >
          <div
            id="domain-filter-value-label-2"
          />
        </div>
      </Col>
      <Col
        bsClass="col"
        componentClass="div"
        xs={8}
      >
        <div
          className="col-xs-8"
        >
          <div>
            <FormControl
              bsClass="form-control"
              componentClass="input"
              disabled={true}
              id="domainpropertiesrow-secondFilterValue-1"
              name="domainpropertiesrow-secondFilterValue"
              onChange={[Function]}
              type="number"
              value=""
            >
              <input
                className="form-control"
                disabled={true}
                id="domainpropertiesrow-secondFilterValue-1"
                name="domainpropertiesrow-secondFilterValue"
                onChange={[Function]}
                type="number"
                value=""
              />
            </FormControl>
          </div>
        </div>
      </Col>
    </div>
  </Row>
</Filters>
`;
