// Jest Snapshot v1, https://goo.gl/fbAQLP

exports[`render loading 1`] = `
<div>
  <span
    className=""
  >
    <i
      aria-hidden="true"
      className="fa fa-spinner fa-spin"
    />
     
    Loading...
  </span>
</div>
`;

exports[`render query grid error 1`] = `
<div
  className="alert alert-danger"
  role="alert"
>
  Something went wrong loading the QueryGridModel.
</div>
`;
