// Jest Snapshot v1, https://goo.gl/fbAQLP

exports[`<PermissionsPanel/> default properties 1`] = `
Array [
  <div
    className="page-header"
  >
    <h2
      className="text-capitalize no-margin-top"
    >
      Test Page Title
    </h2>
  </div>,
  <div
    className="alert alert-danger"
    role="alert"
  >
    You do not have permissions for this action.
  </div>,
]
`;
