// Jest Snapshot v1, https://goo.gl/fbAQLP

exports[`Dataset Advanced Settings Edit Dataset, with dataspace options 1`] = `
<button
  className="domain-field-float-right btn btn-default"
  disabled={false}
  onClick={[Function]}
  type="button"
>
  Advanced Settings
</button>
`;

exports[`Dataset Advanced Settings Edit Dataset, without dataspace options 1`] = `
<button
  className="domain-field-float-right btn btn-default"
  disabled={false}
  onClick={[Function]}
  type="button"
>
  Advanced Settings
</button>
`;

exports[`Dataset Advanced Settings New Dataset, with dataspace options 1`] = `
<button
  className="domain-field-float-right btn btn-default"
  disabled={false}
  onClick={[Function]}
  type="button"
>
  Advanced Settings
</button>
`;

exports[`Dataset Advanced Settings New Dataset, without dataspace options 1`] = `
<button
  className="domain-field-float-right btn btn-default"
  disabled={false}
  onClick={[Function]}
  type="button"
>
  Advanced Settings
</button>
`;
