// Jest Snapshot v1, https://goo.gl/fbAQLP

exports[`<ReportItemModal /> ReportItemModal renders 1`] = `
"<ReportItemModal report={{...}} onClose={[Function: noop]}>
  <div className=\\"report-item-modal\\">
    <Modal show={true} onHide={[Function: noop]} backdrop={true} keyboard={true} autoFocus={true} enforceFocus={true} restoreFocus={true} manager={{...}} renderBackdrop={[Function: renderBackdrop]} animation={true} dialogComponentClass={[Function: ModalDialog]} bsClass=\\"modal\\">
      <Modal onHide={[Function: noop]} keyboard={true} autoFocus={true} enforceFocus={true} restoreFocus={true} manager={{...}} renderBackdrop={[Function: renderBackdrop]} show={true} containerClassName=\\"modal-open\\" transition={[Function: DialogTransition]} backdrop={true} backdropTransition={[Function: BackdropTransition]} backdropClassName=\\"modal-backdrop\\" onEntering={[Function: bound handleEntering]} onExited={[Function: bound handleExited]}>
        <Portal container={[undefined]} onRendered={[Function]}>
          <Portal containerInfo={{...}}>
            <div role=\\"dialog\\" style={[undefined]} className={[undefined]}>
              <BackdropTransition appear={true} in={true}>
                <Fade appear={true} in={true} timeout={150} mountOnEnter={false} unmountOnExit={false}>
                  <Transition appear={true} in={true} timeout={150} mountOnEnter={false} unmountOnExit={false} enter={true} exit={true} onEnter={[Function: noop]} onEntering={[Function: noop]} onEntered={[Function: noop]} onExit={[Function: noop]} onExiting={[Function: noop]} onExited={[Function: noop]}>
                    <div style={[undefined]} className=\\"fade modal-backdrop in\\" onClick={[Function]} />
                  </Transition>
                </Fade>
              </BackdropTransition>
              <RefHolder>
                <DialogTransition appear={true} unmountOnExit={true} in={true} onExit={[undefined]} onExiting={[undefined]} onExited={[Function]} onEnter={[undefined]} onEntering={[Function: bound handleEntering]} onEntered={[undefined]}>
                  <Fade appear={true} unmountOnExit={true} in={true} onExit={[undefined]} onExiting={[undefined]} onExited={[Function]} onEnter={[undefined]} onEntering={[Function: bound handleEntering]} onEntered={[undefined]} timeout={300} mountOnEnter={false}>
                    <Transition appear={true} unmountOnExit={true} in={true} onExit={[Function: noop]} onExiting={[Function: noop]} onExited={[Function]} onEnter={[Function: noop]} onEntering={[Function: bound handleEntering]} onEntered={[Function: noop]} timeout={300} mountOnEnter={false} enter={true} exit={true}>
                      <ModalDialog bsClass=\\"modal\\" style={{...}} className=\\"fade in\\" onClick={[Function: bound handleDialogClick]} role=\\"document\\" tabIndex=\\"-1\\">
                        <div onClick={[Function: bound handleDialogClick]} role=\\"dialog\\" tabIndex=\\"-1\\" style={{...}} className=\\"fade in modal\\">
                          <div className=\\"modal-dialog\\">
                            <div className=\\"modal-content\\" role=\\"document\\">
                              <ModalHeader closeButton={true} closeLabel=\\"Close\\" bsClass=\\"modal-header\\">
                                <div className=\\"modal-header\\">
                                  <CloseButton label=\\"Close\\" onClick={[Function: noop]}>
                                    <button type=\\"button\\" className=\\"close\\" onClick={[Function: noop]}>
                                      <span aria-hidden=\\"true\\">
                                        Ã—
                                      </span>
                                      <span className=\\"sr-only\\">
                                        Close
                                      </span>
                                    </button>
                                  </CloseButton>
                                  <ModalTitle componentClass=\\"h4\\" bsClass=\\"modal-title\\">
                                    <h4 className=\\"modal-title\\">
                                      Example SCR
                                    </h4>
                                  </ModalTitle>
                                </div>
                              </ModalHeader>
                              <UnsupportedReportBody report={{...}}>
                                <ModalBody componentClass=\\"div\\" bsClass=\\"modal-body\\">
                                  <div className=\\"modal-body\\">
                                    <div className=\\"report-list__unsupported-preview\\">
                                      <div className=\\"alert alert-warning unsupported-alert\\">
                                        <div className=\\"unsupported-alert__icon\\">
                                          <span className=\\"fa fa-exclamation-circle\\" />
                                        </div>
                                        <p className=\\"unsupported-alert__message\\">
                                          This report is not currently supported. It is recommended that you view the report in LabKey Server.
                                        </p>
                                        <div className=\\"unsupported-alert__view-link\\">
                                          <a href=\\"/labkey/Biologics/assayreport-view.view?id=37\\" className=\\"btn btn-warning\\">
                                            View in LabKey
                                          </a>
                                        </div>
                                      </div>
                                      <ReportMetadata report={{...}}>
                                        <div className=\\"report-item__metadata\\">
                                          <div className=\\"report-item__metadata-item\\">
                                            <label>
                                              Created By:
                                            </label>
                                            <span>
                                              alanv
                                            </span>
                                          </div>
                                          <div className=\\"report-item__metadata-item\\">
                                            <label>
                                              Type:
                                            </label>
                                            <span>
                                              Sample Comparison
                                            </span>
                                          </div>
                                          <div className=\\"report-item__metadata-item\\">
                                            <label>
                                              Description:
                                            </label>
                                            <span>
                                              From Kevin
                                            </span>
                                          </div>
                                        </div>
                                      </ReportMetadata>
                                    </div>
                                  </div>
                                </ModalBody>
                              </UnsupportedReportBody>
                            </div>
                          </div>
                        </div>
                      </ModalDialog>
                    </Transition>
                  </Fade>
                </DialogTransition>
              </RefHolder>
            </div>
          </Portal>
        </Portal>
      </Modal>
    </Modal>
  </div>
</ReportItemModal>"
`;

exports[`<ReportList /> Render loading 1`] = `
<div
  className="panel panel-default"
>
  <div
    className="report-list"
  >
    <div
      className="report-list__message"
    >
      <span
        className=""
      >
        <i
          aria-hidden="true"
          className="fa fa-spinner fa-spin"
        />
         
        Loading...
      </span>
    </div>
  </div>
</div>
`;

exports[`<ReportList /> Render with data 1`] = `
<div
  className="panel panel-default"
>
  <div
    className="report-list"
  >
    <ul
      className="report-list__list media-list"
    >
      <li
        className="report-list-item media"
        onClick={[Function]}
      >
        <div
          className="media-left"
        >
          <img
            alt="sample_comparison-icon"
            className="report-list-item__icon"
            height={null}
            src="/labkey/_images/sample_comparison.svg"
            width="100%"
          />
        </div>
        <div
          className="media-body"
        >
          <h4
            className="report-list-item__name media-heading"
          >
            <a
              href="/labkey/Biologics/assayreport-view.view?id=37"
              onClick={[Function]}
            >
              Example SCR
            </a>
          </h4>
          <p
            className="report-list-item__person"
          >
            Created by: 
            alanv
          </p>
        </div>
      </li>
      <li
        className="report-list-item media"
        onClick={[Function]}
      >
        <div
          className="media-left"
        >
          <img
            alt="xy_scatter-icon"
            className="report-list-item__icon"
            height={null}
            src="/labkey/_images/xy_scatter.svg"
            width="100%"
          />
        </div>
        <div
          className="media-body"
        >
          <h4
            className="report-list-item__name media-heading"
          >
            <a
              onClick={[Function]}
              style={Object {}}
            >
              Injection Volume Comparison 2
            </a>
          </h4>
          <p
            className="report-list-item__person"
          >
            Created by: 
            alanv
          </p>
        </div>
      </li>
      <li
        className="report-list-item media"
        onClick={[Function]}
      >
        <div
          className="media-left"
        >
          <img
            alt="xy_scatter-icon"
            className="report-list-item__icon"
            height={null}
            src="/labkey/_images/xy_scatter.svg"
            width="100%"
          />
        </div>
        <div
          className="media-body"
        >
          <h4
            className="report-list-item__name media-heading"
          >
            <a
              onClick={[Function]}
              style={Object {}}
            >
              Avg Mass vs pl
            </a>
          </h4>
          <p
            className="report-list-item__person"
          >
            Created by: 
            alanv
          </p>
        </div>
      </li>
      <li
        className="report-list-item media"
        onClick={[Function]}
      >
        <div
          className="media-left"
        >
          <img
            alt="box_plot-icon"
            className="report-list-item__icon"
            height={null}
            src="/labkey/_images/box_plot.svg"
            width="100%"
          />
        </div>
        <div
          className="media-body"
        >
          <h4
            className="report-list-item__name media-heading"
          >
            <a
              onClick={[Function]}
              style={Object {}}
            >
              Arg Box Plot
            </a>
          </h4>
          <p
            className="report-list-item__person"
          >
            Created by: 
            alanv
          </p>
        </div>
      </li>
      <li
        className="report-list-item media"
        onClick={[Function]}
      >
        <div
          className="media-left"
        >
          <img
            alt="bar_chart-icon"
            className="report-list-item__icon"
            height={null}
            src="/labkey/_images/bar_chart.svg"
            width="100%"
          />
        </div>
        <div
          className="media-body"
        >
          <h4
            className="report-list-item__name media-heading"
          >
            <a
              onClick={[Function]}
              style={Object {}}
            >
              Bar plot of Mean Cys for Runs
            </a>
          </h4>
          <p
            className="report-list-item__person"
          >
            Created by: 
            alanv
          </p>
        </div>
      </li>
      <li
        className="report-list-item media"
        onClick={[Function]}
      >
        <div
          className="media-left"
        >
          <img
            alt="pie_chart-icon"
            className="report-list-item__icon"
            height={null}
            src="/labkey/_images/pie_chart.svg"
            width="100%"
          />
        </div>
        <div
          className="media-body"
        >
          <h4
            className="report-list-item__name media-heading"
          >
            <a
              onClick={[Function]}
              style={Object {}}
            >
              Pie chart example
            </a>
          </h4>
          <p
            className="report-list-item__person"
          >
            Created by: 
            alanv
          </p>
        </div>
      </li>
      <li
        className="report-list-item media"
        onClick={[Function]}
      >
        <div
          className="media-left"
        >
          <img
            alt="bar_chart-icon"
            className="report-list-item__icon"
            height={null}
            src="/labkey/_images/bar_chart.svg"
            width="100%"
          />
        </div>
        <div
          className="media-body"
        >
          <h4
            className="report-list-item__name media-heading"
          >
            <a
              onClick={[Function]}
              style={Object {}}
            >
              Sum of Molecular Weight by Chemical Formula
            </a>
          </h4>
          <p
            className="report-list-item__person"
          >
            Created by: 
            alanv
          </p>
        </div>
      </li>
      <li
        className="report-list-item media"
        onClick={[Function]}
      >
        <div
          className="media-left"
        >
          <img
            alt="xy_line-icon"
            className="report-list-item__icon"
            height={null}
            src="/labkey/_images/xy_line.svg"
            width="100%"
          />
        </div>
        <div
          className="media-body"
        >
          <h4
            className="report-list-item__name media-heading"
          >
            <a
              onClick={[Function]}
              style={Object {}}
            >
              Line plot: Pro by Sample Date
            </a>
          </h4>
          <p
            className="report-list-item__person"
          >
            Created by: 
            alanv
          </p>
        </div>
      </li>
      <li
        className="report-list-item media"
        onClick={[Function]}
      >
        <div
          className="media-left"
        >
          <img
            alt="box_plot-icon"
            className="report-list-item__icon"
            height={null}
            src="/labkey/_images/box_plot.svg"
            width="100%"
          />
        </div>
        <div
          className="media-body"
        >
          <h4
            className="report-list-item__name media-heading"
          >
            <a
              onClick={[Function]}
              style={Object {}}
            >
              MAb Box Plot
            </a>
          </h4>
          <p
            className="report-list-item__person"
          >
            Created by: 
            alanv
          </p>
        </div>
      </li>
      <li
        className="report-list-item media"
        onClick={[Function]}
      >
        <div
          className="media-left"
        >
          <img
            alt="pie_chart-icon"
            className="report-list-item__icon"
            height={null}
            src="/labkey/_images/pie_chart.svg"
            width="100%"
          />
        </div>
        <div
          className="media-body"
        >
          <h4
            className="report-list-item__name media-heading"
          >
            <a
              onClick={[Function]}
              style={Object {}}
            >
              Distribution by Lot
            </a>
          </h4>
          <p
            className="report-list-item__person"
          >
            Created by: 
            alanv
          </p>
        </div>
      </li>
      <li
        className="report-list-item media"
        onClick={[Function]}
      >
        <div
          className="media-left"
        >
          <img
            alt="xy_scatter-icon"
            className="report-list-item__icon"
            height={null}
            src="/labkey/_images/xy_scatter.svg"
            width="100%"
          />
        </div>
        <div
          className="media-body"
        >
          <h4
            className="report-list-item__name media-heading"
          >
            <a
              onClick={[Function]}
              style={Object {}}
            >
              Scatter: Arg vs Ala (filtered)
            </a>
          </h4>
          <p
            className="report-list-item__person"
          >
            Created by: 
            alanv
          </p>
        </div>
      </li>
      <li
        className="report-list-item media"
        onClick={[Function]}
      >
        <div
          className="media-left"
        >
          <img
            alt="xy_scatter-icon"
            className="report-list-item__icon"
            height={null}
            src="/labkey/_images/xy_scatter.svg"
            width="100%"
          />
        </div>
        <div
          className="media-body"
        >
          <h4
            className="report-list-item__name media-heading"
          >
            <a
              onClick={[Function]}
              style={Object {}}
            >
              Scatter: Arg vs Ala
            </a>
          </h4>
          <p
            className="report-list-item__person"
          >
            Created by: 
            alanv
          </p>
        </div>
      </li>
      <li
        className="report-list-item media"
        onClick={[Function]}
      >
        <div
          className="media-left"
        >
          <img
            alt="xy_scatter-icon"
            className="report-list-item__icon"
            height={null}
            src="/labkey/_images/xy_scatter.svg"
            width="100%"
          />
        </div>
        <div
          className="media-body"
        >
          <h4
            className="report-list-item__name media-heading"
          >
            <a
              onClick={[Function]}
              style={Object {}}
            >
              Injection Volume Comparison
            </a>
          </h4>
          <p
            className="report-list-item__person"
          >
            Created by: 
            alanv
          </p>
        </div>
      </li>
      <li
        className="report-list-item media"
        onClick={[Function]}
      >
        <div
          className="media-left"
        >
          <img
            alt="box_plot-icon"
            className="report-list-item__icon"
            height={null}
            src="/labkey/_images/box_plot.svg"
            width="100%"
          />
        </div>
        <div
          className="media-body"
        >
          <h4
            className="report-list-item__name media-heading"
          >
            <a
              onClick={[Function]}
              style={Object {}}
            >
              Private Chart
            </a>
          </h4>
          <p
            className="report-list-item__person"
          >
            Created by: 
            alanv
          </p>
        </div>
      </li>
      <li
        className="report-list-item media"
        onClick={[Function]}
      >
        <div
          className="media-left"
        >
          <img
            alt="custom_grid-icon"
            className="report-list-item__icon"
            height={null}
            src="/labkey/_images/custom_grid.svg"
            width="100%"
          />
        </div>
        <div
          className="media-body"
        >
          <h4
            className="report-list-item__name media-heading"
          >
            <a
              onClick={[Function]}
              style={Object {}}
            >
              Test Custom View
            </a>
          </h4>
          <p
            className="report-list-item__person"
          >
            Created by: 
            alanv
          </p>
        </div>
      </li>
      <li
        className="report-list-item media"
        onClick={[Function]}
      >
        <div
          className="media-left"
        >
          <img
            alt="custom_grid-icon"
            className="report-list-item__icon"
            height={null}
            src="/labkey/_images/custom_grid.svg"
            width="100%"
          />
        </div>
        <div
          className="media-body"
        >
          <h4
            className="report-list-item__name media-heading"
          >
            <a
              onClick={[Function]}
              style={Object {}}
            >
              Test Custom View
            </a>
          </h4>
          <p
            className="report-list-item__person"
          >
            Created by: 
            alanv
          </p>
        </div>
      </li>
      <li
        className="report-list-item media"
        onClick={[Function]}
      >
        <div
          className="media-left"
        >
          <img
            alt="custom_grid-icon"
            className="report-list-item__icon"
            height={null}
            src="/labkey/_images/custom_grid.svg"
            width="100%"
          />
        </div>
        <div
          className="media-body"
        >
          <h4
            className="report-list-item__name media-heading"
          >
            <a
              onClick={[Function]}
              style={Object {}}
            >
              Name only
            </a>
          </h4>
          <p
            className="report-list-item__person"
          >
            Created by: 
            alanv
          </p>
        </div>
      </li>
      <li
        className="report-list-item media"
        onClick={[Function]}
      >
        <div
          className="media-left"
        >
          <img
            alt="custom_grid-icon"
            className="report-list-item__icon"
            height={null}
            src="/labkey/_images/custom_grid.svg"
            width="100%"
          />
        </div>
        <div
          className="media-body"
        >
          <h4
            className="report-list-item__name media-heading"
          >
            <a
              onClick={[Function]}
              style={Object {}}
            >
              Private view
            </a>
          </h4>
          <p
            className="report-list-item__person"
          >
            Created by: 
            alanv
          </p>
        </div>
      </li>
      <li
        className="report-list-item media"
        onClick={[Function]}
      >
        <div
          className="media-left"
        >
          <img
            alt="custom_grid-icon"
            className="report-list-item__icon"
            height={null}
            src="/labkey/_images/custom_grid.svg"
            width="100%"
          />
        </div>
        <div
          className="media-body"
        >
          <h4
            className="report-list-item__name media-heading"
          >
            <a
              onClick={[Function]}
              style={Object {}}
            >
              Scientific Name only
            </a>
          </h4>
          <p
            className="report-list-item__person"
          >
            Created by: 
            alanv
          </p>
        </div>
      </li>
      <li
        className="report-list-item media"
        onClick={[Function]}
      >
        <div
          className="media-left"
        >
          <img
            alt="custom_grid-icon"
            className="report-list-item__icon"
            height={null}
            src="/labkey/_images/custom_grid.svg"
            width="100%"
          />
        </div>
        <div
          className="media-body"
        >
          <h4
            className="report-list-item__name media-heading"
          >
            <a
              onClick={[Function]}
              style={Object {}}
            >
              Name only
            </a>
          </h4>
          <p
            className="report-list-item__person"
          >
            Created by: 
            alanv
          </p>
        </div>
      </li>
      <li
        className="report-list-item media"
        onClick={[Function]}
      >
        <div
          className="media-left"
        >
          <img
            alt="custom_grid-icon"
            className="report-list-item__icon"
            height={null}
            src="/labkey/_images/custom_grid.svg"
            width="100%"
          />
        </div>
        <div
          className="media-body"
        >
          <h4
            className="report-list-item__name media-heading"
          >
            <a
              onClick={[Function]}
              style={Object {}}
            >
              SampleID only
            </a>
          </h4>
          <p
            className="report-list-item__person"
          >
            Created by: 
            alanv
          </p>
        </div>
      </li>
      <li
        className="report-list-item media"
        onClick={[Function]}
      >
        <div
          className="media-left"
        >
          <img
            alt="custom_grid-icon"
            className="report-list-item__icon"
            height={null}
            src="/labkey/_images/custom_grid.svg"
            width="100%"
          />
        </div>
        <div
          className="media-body"
        >
          <h4
            className="report-list-item__name media-heading"
          >
            <a
              onClick={[Function]}
              style={Object {}}
            >
              Test Custom View
            </a>
          </h4>
          <p
            className="report-list-item__person"
          >
            Created by: 
            alanv
          </p>
        </div>
      </li>
    </ul>
  </div>
</div>
`;

exports[`<ReportList /> Render with no data 1`] = `
<div
  className="panel panel-default"
>
  <div
    className="report-list"
  >
    <div
      className="report-list__message"
    >
      No reports.
    </div>
  </div>
</div>
`;

exports[`<ReportListItem /> ReportListItem renders 1`] = `
<li
  className="report-list-item media"
  onClick={[Function]}
>
  <div
    className="media-left"
  >
    <img
      alt="xy_scatter-icon"
      className="report-list-item__icon"
      height={null}
      src="/labkey/_images/xy_scatter.svg"
      width="100%"
    />
  </div>
  <div
    className="media-body"
  >
    <h4
      className="report-list-item__name media-heading"
    >
      <a
        href="/q/assay.general.sec/data"
        onClick={[Function]}
        style={Object {}}
      >
        Injection Volume Comparison 2
      </a>
    </h4>
    <p
      className="report-list-item__person"
    >
      Created by: 
      alanv
    </p>
  </div>
</li>
`;
