// Jest Snapshot v1, https://goo.gl/fbAQLP

exports[`<Section /> custom properties 1`] = `
<div
  className="g-section"
>
  <div
    className="panel panel-default testing-class-name"
  >
    <div
      className="panel-body"
    >
      <div
        className="section-panel--title-container-large"
      >
        <div
          className="section-panel--title-large"
        >
          Testing Title
        </div>
        <div
          className="pull-right"
        >
          <div>
            Testing Context
          </div>
        </div>
        <div
          className="section-panel--title-caption-large"
        >
          <p>
            Testing Caption
          </p>
        </div>
      </div>
    </div>
  </div>
</div>
`;

exports[`<Section /> default properties 1`] = `
<div
  className="g-section"
>
  <div
    className="panel panel-default "
  >
    <div
      className="panel-body"
    >
      <div
        className=""
      />
    </div>
  </div>
</div>
`;
