// Jest Snapshot v1, https://goo.gl/fbAQLP

exports[`<AssayReimportHeader/> has batch properties 1`] = `
<div
  className="panel panel-default"
>
  <div
    className="panel-heading"
  >
    Re-Import Run
  </div>
  <div
    className="panel-body"
  >
    <p>
      <strong>
        Re-importing Run: 
        <a
          href="#/assays/general/gpat%201/runs/10"
        >
          Test Name
        </a>
      </strong>
    </p>
    <p>
      Edit the 
      batch and 
       run properties below or provide updated data for this assay run.  Changes will be reflected in the audit history for this run.
    </p>
  </div>
</div>
`;

exports[`<AssayReimportHeader/> no batch properties 1`] = `
<div
  className="panel panel-default"
>
  <div
    className="panel-heading"
  >
    Re-Import Run
  </div>
  <div
    className="panel-body"
  >
    <p>
      <strong>
        Re-importing Run: 
        <a
          href="#/assays/general/gpat%201/runs/10"
        >
          Test Name
        </a>
      </strong>
    </p>
    <p>
      Edit the 
      
       run properties below or provide updated data for this assay run.  Changes will be reflected in the audit history for this run.
    </p>
  </div>
</div>
`;
