// Jest Snapshot v1, https://goo.gl/fbAQLP

exports[`IssuesListDefDesignerPanel new Issue List Definition 1`] = `
<BaseDomainDesigner
  domains={
    Immutable.List [
      Immutable.Record {
        "name": undefined,
        "container": undefined,
        "description": undefined,
        "domainURI": undefined,
        "domainId": null,
        "allowFileLinkProperties": false,
        "allowAttachmentProperties": false,
        "allowFlagProperties": true,
        "allowSampleSubjectProperties": true,
        "allowTextChoiceProperties": true,
        "allowTimepointProperties": false,
        "showDefaultValueSettings": false,
        "defaultDefaultValueType": undefined,
        "defaultValueOptions": Immutable.List [],
        "fields": Immutable.List [],
        "indices": Immutable.List [],
        "domainException": undefined,
        "mandatoryFieldNames": Immutable.List [],
        "reservedFieldNames": Immutable.List [],
        "newDesignFields": undefined,
        "instructions": undefined,
        "domainKindName": undefined,
        "schemaName": undefined,
        "queryName": undefined,
        "disabledSystemFields": undefined,
      },
    ]
  }
  hasValidProperties={true}
  name="Issues List For Jest"
  onCancel={[MockFunction]}
  onFinish={[Function]}
  saveBtnText="Save"
  submitting={false}
  visitedPanels={Immutable.List []}
>
  <ComponentWithDomainPropertiesPanelCollapse
    controlledCollapse={true}
    initCollapsed={false}
    model={
      IssuesListDefModel {
        "commentSortDirection": "ASC",
        "domain": Immutable.Record {
          "name": undefined,
          "container": undefined,
          "description": undefined,
          "domainURI": undefined,
          "domainId": null,
          "allowFileLinkProperties": false,
          "allowAttachmentProperties": false,
          "allowFlagProperties": true,
          "allowSampleSubjectProperties": true,
          "allowTextChoiceProperties": true,
          "allowTimepointProperties": false,
          "showDefaultValueSettings": false,
          "defaultDefaultValueType": undefined,
          "defaultValueOptions": Immutable.List [],
          "fields": Immutable.List [],
          "indices": Immutable.List [],
          "domainException": undefined,
          "mandatoryFieldNames": Immutable.List [],
          "reservedFieldNames": Immutable.List [],
          "newDesignFields": undefined,
          "instructions": undefined,
          "domainKindName": undefined,
          "schemaName": undefined,
          "queryName": undefined,
          "disabledSystemFields": undefined,
        },
        "issueDefName": "Issues List For Jest",
        "pluralItemName": "Issues",
        "singularItemName": "Issue",
        Symbol(immer-draftable): true,
      }
    }
    onChange={[Function]}
    onToggle={[Function]}
    panelStatus="NONE"
    validate={true}
  />
  <DomainForm
    controlledCollapse={true}
    domain={
      Immutable.Record {
        "name": undefined,
        "container": undefined,
        "description": undefined,
        "domainURI": undefined,
        "domainId": null,
        "allowFileLinkProperties": false,
        "allowAttachmentProperties": false,
        "allowFlagProperties": true,
        "allowSampleSubjectProperties": true,
        "allowTextChoiceProperties": true,
        "allowTimepointProperties": false,
        "showDefaultValueSettings": false,
        "defaultDefaultValueType": undefined,
        "defaultValueOptions": Immutable.List [],
        "fields": Immutable.List [],
        "indices": Immutable.List [],
        "domainException": undefined,
        "mandatoryFieldNames": Immutable.List [],
        "reservedFieldNames": Immutable.List [],
        "newDesignFields": undefined,
        "instructions": undefined,
        "domainKindName": undefined,
        "schemaName": undefined,
        "queryName": undefined,
        "disabledSystemFields": undefined,
      }
    }
    domainFormDisplayOptions={
      {
        "hideAddFieldsButton": false,
        "hideImportExport": true,
        "hideInferFromFile": true,
        "isDragDisabled": false,
      }
    }
    domainIndex={0}
    headerTitle="Fields"
    helpNoun="issues list"
    helpTopic={null}
    initCollapsed={true}
    key="0"
    onChange={[Function]}
    onToggle={[Function]}
    panelStatus="TODO"
    testMode={true}
    validate={false}
  />
</BaseDomainDesigner>
`;
