// Jest Snapshot v1, https://goo.gl/fbAQLP

exports[`<Footer /> test render 1`] = `
<footer
  className="my-footer-block"
>
  <div
    className="footer-tagline-left"
  >
    <a
      href="https://www.labkey.org/"
    >
      LabKey
    </a>
  </div>
  <div
    className="footer-tagline-center"
  >
    <img
      height="22px"
      src="undefined/_images/defaultlogo.png"
    />
  </div>
  <div
    className="footer-tagline-right"
  >
    Partners in Science
  </div>
</footer>
`;
