// Jest Snapshot v1, https://goo.gl/fbAQLP

exports[`<ReportList /> Render loading 1`] = `
<div
  className="panel panel-default"
>
  <div
    className="report-list"
  >
    <div
      className="report-list__message"
    >
      <span
        className=""
      >
        <i
          aria-hidden="true"
          className="fa fa-spinner fa-pulse"
        />
         
        Loading...
      </span>
    </div>
  </div>
</div>
`;

exports[`<ReportList /> Render with data 1`] = `
<div
  className="panel panel-default"
>
  <div
    className="report-list"
  >
    <ul
      className="report-list__list media-list"
    >
      <li
        className="report-list-item media"
        onClick={[Function]}
      >
        <div
          className="media-left"
        >
          <span
            className="report-list-item__icon fa fa-table fa-4x"
          />
        </div>
        <div
          className="media-body"
        >
          <h4
            className="report-list-item__name media-heading"
          >
            <a
              href="/labkey/Biologics/assayreport-view.view?id=37"
              onClick={[Function]}
            >
              Example SCR
            </a>
          </h4>
          <p
            className="report-list-item__person"
          >
            Created by: 
            alanv
          </p>
        </div>
      </li>
      <li
        className="report-list-item media"
        onClick={[Function]}
      >
        <div
          className="media-left"
        >
          <img
            alt="xy_scatter-icon"
            className="report-list-item__icon"
            height={null}
            src="/labkey/_images/xy_scatter.svg"
            width="100%"
          />
        </div>
        <div
          className="media-body"
        >
          <h4
            className="report-list-item__name media-heading"
          >
            <a
              onClick={[Function]}
              style={{}}
            >
              Injection Volume Comparison 2
            </a>
          </h4>
          <p
            className="report-list-item__person"
          >
            Created by: 
            alanv
          </p>
        </div>
      </li>
      <li
        className="report-list-item media"
        onClick={[Function]}
      >
        <div
          className="media-left"
        >
          <img
            alt="xy_scatter-icon"
            className="report-list-item__icon"
            height={null}
            src="/labkey/_images/xy_scatter.svg"
            width="100%"
          />
        </div>
        <div
          className="media-body"
        >
          <h4
            className="report-list-item__name media-heading"
          >
            <a
              onClick={[Function]}
              style={{}}
            >
              Avg Mass vs pl
            </a>
          </h4>
          <p
            className="report-list-item__person"
          >
            Created by: 
            alanv
          </p>
        </div>
      </li>
      <li
        className="report-list-item media"
        onClick={[Function]}
      >
        <div
          className="media-left"
        >
          <img
            alt="box_plot-icon"
            className="report-list-item__icon"
            height={null}
            src="/labkey/_images/box_plot.svg"
            width="100%"
          />
        </div>
        <div
          className="media-body"
        >
          <h4
            className="report-list-item__name media-heading"
          >
            <a
              onClick={[Function]}
              style={{}}
            >
              Arg Box Plot
            </a>
          </h4>
          <p
            className="report-list-item__person"
          >
            Created by: 
            alanv
          </p>
        </div>
      </li>
      <li
        className="report-list-item media"
        onClick={[Function]}
      >
        <div
          className="media-left"
        >
          <img
            alt="bar_chart-icon"
            className="report-list-item__icon"
            height={null}
            src="/labkey/_images/bar_chart.svg"
            width="100%"
          />
        </div>
        <div
          className="media-body"
        >
          <h4
            className="report-list-item__name media-heading"
          >
            <a
              onClick={[Function]}
              style={{}}
            >
              Bar plot of Mean Cys for Runs
            </a>
          </h4>
          <p
            className="report-list-item__person"
          >
            Created by: 
            alanv
          </p>
        </div>
      </li>
      <li
        className="report-list-item media"
        onClick={[Function]}
      >
        <div
          className="media-left"
        >
          <img
            alt="pie_chart-icon"
            className="report-list-item__icon"
            height={null}
            src="/labkey/_images/pie_chart.svg"
            width="100%"
          />
        </div>
        <div
          className="media-body"
        >
          <h4
            className="report-list-item__name media-heading"
          >
            <a
              onClick={[Function]}
              style={{}}
            >
              Pie chart example
            </a>
          </h4>
          <p
            className="report-list-item__person"
          >
            Created by: 
            alanv
          </p>
        </div>
      </li>
      <li
        className="report-list-item media"
        onClick={[Function]}
      >
        <div
          className="media-left"
        >
          <img
            alt="bar_chart-icon"
            className="report-list-item__icon"
            height={null}
            src="/labkey/_images/bar_chart.svg"
            width="100%"
          />
        </div>
        <div
          className="media-body"
        >
          <h4
            className="report-list-item__name media-heading"
          >
            <a
              onClick={[Function]}
              style={{}}
            >
              Sum of Molecular Weight by Chemical Formula
            </a>
          </h4>
          <p
            className="report-list-item__person"
          >
            Created by: 
            alanv
          </p>
        </div>
      </li>
      <li
        className="report-list-item media"
        onClick={[Function]}
      >
        <div
          className="media-left"
        >
          <img
            alt="xy_line-icon"
            className="report-list-item__icon"
            height={null}
            src="/labkey/_images/xy_line.svg"
            width="100%"
          />
        </div>
        <div
          className="media-body"
        >
          <h4
            className="report-list-item__name media-heading"
          >
            <a
              onClick={[Function]}
              style={{}}
            >
              Line plot: Pro by Sample Date
            </a>
          </h4>
          <p
            className="report-list-item__person"
          >
            Created by: 
            alanv
          </p>
        </div>
      </li>
      <li
        className="report-list-item media"
        onClick={[Function]}
      >
        <div
          className="media-left"
        >
          <img
            alt="box_plot-icon"
            className="report-list-item__icon"
            height={null}
            src="/labkey/_images/box_plot.svg"
            width="100%"
          />
        </div>
        <div
          className="media-body"
        >
          <h4
            className="report-list-item__name media-heading"
          >
            <a
              onClick={[Function]}
              style={{}}
            >
              MAb Box Plot
            </a>
          </h4>
          <p
            className="report-list-item__person"
          >
            Created by: 
            alanv
          </p>
        </div>
      </li>
      <li
        className="report-list-item media"
        onClick={[Function]}
      >
        <div
          className="media-left"
        >
          <img
            alt="pie_chart-icon"
            className="report-list-item__icon"
            height={null}
            src="/labkey/_images/pie_chart.svg"
            width="100%"
          />
        </div>
        <div
          className="media-body"
        >
          <h4
            className="report-list-item__name media-heading"
          >
            <a
              onClick={[Function]}
              style={{}}
            >
              Distribution by Lot
            </a>
          </h4>
          <p
            className="report-list-item__person"
          >
            Created by: 
            alanv
          </p>
        </div>
      </li>
      <li
        className="report-list-item media"
        onClick={[Function]}
      >
        <div
          className="media-left"
        >
          <img
            alt="xy_scatter-icon"
            className="report-list-item__icon"
            height={null}
            src="/labkey/_images/xy_scatter.svg"
            width="100%"
          />
        </div>
        <div
          className="media-body"
        >
          <h4
            className="report-list-item__name media-heading"
          >
            <a
              onClick={[Function]}
              style={{}}
            >
              Scatter: Arg vs Ala (filtered)
            </a>
          </h4>
          <p
            className="report-list-item__person"
          >
            Created by: 
            alanv
          </p>
        </div>
      </li>
      <li
        className="report-list-item media"
        onClick={[Function]}
      >
        <div
          className="media-left"
        >
          <img
            alt="xy_scatter-icon"
            className="report-list-item__icon"
            height={null}
            src="/labkey/_images/xy_scatter.svg"
            width="100%"
          />
        </div>
        <div
          className="media-body"
        >
          <h4
            className="report-list-item__name media-heading"
          >
            <a
              onClick={[Function]}
              style={{}}
            >
              Scatter: Arg vs Ala
            </a>
          </h4>
          <p
            className="report-list-item__person"
          >
            Created by: 
            alanv
          </p>
        </div>
      </li>
      <li
        className="report-list-item media"
        onClick={[Function]}
      >
        <div
          className="media-left"
        >
          <img
            alt="xy_scatter-icon"
            className="report-list-item__icon"
            height={null}
            src="/labkey/_images/xy_scatter.svg"
            width="100%"
          />
        </div>
        <div
          className="media-body"
        >
          <h4
            className="report-list-item__name media-heading"
          >
            <a
              onClick={[Function]}
              style={{}}
            >
              Injection Volume Comparison
            </a>
          </h4>
          <p
            className="report-list-item__person"
          >
            Created by: 
            alanv
          </p>
        </div>
      </li>
      <li
        className="report-list-item media"
        onClick={[Function]}
      >
        <div
          className="media-left"
        >
          <img
            alt="box_plot-icon"
            className="report-list-item__icon"
            height={null}
            src="/labkey/_images/box_plot.svg"
            width="100%"
          />
        </div>
        <div
          className="media-body"
        >
          <h4
            className="report-list-item__name media-heading"
          >
            <a
              onClick={[Function]}
              style={{}}
            >
              Private Chart
            </a>
          </h4>
          <p
            className="report-list-item__person"
          >
            Created by: 
            alanv
          </p>
        </div>
      </li>
      <li
        className="report-list-item media"
        onClick={[Function]}
      >
        <div
          className="media-left"
        >
          <img
            alt="custom_grid-icon"
            className="report-list-item__icon"
            height={null}
            src="/labkey/_images/custom_grid.svg"
            width="100%"
          />
        </div>
        <div
          className="media-body"
        >
          <h4
            className="report-list-item__name media-heading"
          >
            <a
              onClick={[Function]}
              style={{}}
            >
              Test Custom View
            </a>
          </h4>
          <p
            className="report-list-item__person"
          >
            Created by: 
            alanv
          </p>
        </div>
      </li>
      <li
        className="report-list-item media"
        onClick={[Function]}
      >
        <div
          className="media-left"
        >
          <img
            alt="custom_grid-icon"
            className="report-list-item__icon"
            height={null}
            src="/labkey/_images/custom_grid.svg"
            width="100%"
          />
        </div>
        <div
          className="media-body"
        >
          <h4
            className="report-list-item__name media-heading"
          >
            <a
              onClick={[Function]}
              style={{}}
            >
              Test Custom View
            </a>
          </h4>
          <p
            className="report-list-item__person"
          >
            Created by: 
            alanv
          </p>
        </div>
      </li>
      <li
        className="report-list-item media"
        onClick={[Function]}
      >
        <div
          className="media-left"
        >
          <img
            alt="custom_grid-icon"
            className="report-list-item__icon"
            height={null}
            src="/labkey/_images/custom_grid.svg"
            width="100%"
          />
        </div>
        <div
          className="media-body"
        >
          <h4
            className="report-list-item__name media-heading"
          >
            <a
              onClick={[Function]}
              style={{}}
            >
              Name only
            </a>
          </h4>
          <p
            className="report-list-item__person"
          >
            Created by: 
            alanv
          </p>
        </div>
      </li>
      <li
        className="report-list-item media"
        onClick={[Function]}
      >
        <div
          className="media-left"
        >
          <img
            alt="custom_grid-icon"
            className="report-list-item__icon"
            height={null}
            src="/labkey/_images/custom_grid.svg"
            width="100%"
          />
        </div>
        <div
          className="media-body"
        >
          <h4
            className="report-list-item__name media-heading"
          >
            <a
              onClick={[Function]}
              style={{}}
            >
              Private view
            </a>
          </h4>
          <p
            className="report-list-item__person"
          >
            Created by: 
            alanv
          </p>
        </div>
      </li>
      <li
        className="report-list-item media"
        onClick={[Function]}
      >
        <div
          className="media-left"
        >
          <img
            alt="custom_grid-icon"
            className="report-list-item__icon"
            height={null}
            src="/labkey/_images/custom_grid.svg"
            width="100%"
          />
        </div>
        <div
          className="media-body"
        >
          <h4
            className="report-list-item__name media-heading"
          >
            <a
              onClick={[Function]}
              style={{}}
            >
              Scientific Name only
            </a>
          </h4>
          <p
            className="report-list-item__person"
          >
            Created by: 
            alanv
          </p>
        </div>
      </li>
      <li
        className="report-list-item media"
        onClick={[Function]}
      >
        <div
          className="media-left"
        >
          <img
            alt="custom_grid-icon"
            className="report-list-item__icon"
            height={null}
            src="/labkey/_images/custom_grid.svg"
            width="100%"
          />
        </div>
        <div
          className="media-body"
        >
          <h4
            className="report-list-item__name media-heading"
          >
            <a
              onClick={[Function]}
              style={{}}
            >
              Name only
            </a>
          </h4>
          <p
            className="report-list-item__person"
          >
            Created by: 
            alanv
          </p>
        </div>
      </li>
      <li
        className="report-list-item media"
        onClick={[Function]}
      >
        <div
          className="media-left"
        >
          <img
            alt="custom_grid-icon"
            className="report-list-item__icon"
            height={null}
            src="/labkey/_images/custom_grid.svg"
            width="100%"
          />
        </div>
        <div
          className="media-body"
        >
          <h4
            className="report-list-item__name media-heading"
          >
            <a
              onClick={[Function]}
              style={{}}
            >
              SampleID only
            </a>
          </h4>
          <p
            className="report-list-item__person"
          >
            Created by: 
            alanv
          </p>
        </div>
      </li>
      <li
        className="report-list-item media"
        onClick={[Function]}
      >
        <div
          className="media-left"
        >
          <img
            alt="custom_grid-icon"
            className="report-list-item__icon"
            height={null}
            src="/labkey/_images/custom_grid.svg"
            width="100%"
          />
        </div>
        <div
          className="media-body"
        >
          <h4
            className="report-list-item__name media-heading"
          >
            <a
              onClick={[Function]}
              style={{}}
            >
              Test Custom View
            </a>
          </h4>
          <p
            className="report-list-item__person"
          >
            Created by: 
            alanv
          </p>
        </div>
      </li>
    </ul>
  </div>
</div>
`;

exports[`<ReportList /> Render with no data 1`] = `
<div
  className="panel panel-default"
>
  <div
    className="report-list"
  >
    <div
      className="report-list__message"
    >
      No reports.
    </div>
  </div>
</div>
`;

exports[`<ReportListItem /> ReportListItem renders 1`] = `
<li
  className="report-list-item media"
  onClick={[Function]}
>
  <div
    className="media-left"
  >
    <img
      alt="xy_scatter-icon"
      className="report-list-item__icon"
      height={null}
      src="/labkey/_images/xy_scatter.svg"
      width="100%"
    />
  </div>
  <div
    className="media-body"
  >
    <h4
      className="report-list-item__name media-heading"
    >
      <a
        href="/q/assay.General.SEC/Data"
        onClick={[Function]}
        style={{}}
      >
        Injection Volume Comparison 2
      </a>
    </h4>
    <p
      className="report-list-item__person"
    >
      Created by: 
      alanv
    </p>
  </div>
</li>
`;
