// Jest Snapshot v1, https://goo.gl/fbAQLP

exports[`LabelColorRenderer empty data 1`] = `null`;

exports[`LabelColorRenderer undefined data 1`] = `null`;

exports[`LabelColorRenderer with data 1`] = `
<i
  className="color-icon__circle"
  style={
    {
      "backgroundColor": "#000000",
    }
  }
/>
`;
