// Jest Snapshot v1, https://goo.gl/fbAQLP

exports[`<CustomToggle /> render children 1`] = `
<span
  onClick={[Function]}
>
  <div
    className="a1"
  >
    One child
  </div>
</span>
`;
