// Jest Snapshot v1, https://goo.gl/fbAQLP

exports[`<ExpandableFilterToggle/> custom properties with filters 1`] = `
Array [
  <div
    className="test-cls"
    onClick={[MockFunction]}
  >
    Hide filters 
    <i
      className="fa fa-chevron-down"
    />
  </div>,
  <span
    className="filter-clear-all"
    onClick={[MockFunction]}
  >
    Clear All
  </span>,
]
`;

exports[`<ExpandableFilterToggle/> default properties without filters 1`] = `
<div
  className="show-hide-filter-toggle"
  onClick={[MockFunction]}
>
  Show filters 
  <i
    className="fa fa-chevron-right"
  />
</div>
`;
