// Jest Snapshot v1, https://goo.gl/fbAQLP

exports[`<LoadingPage/> Custom message and title 1`] = `
<div
  className="app-page"
>
  <div
    className="page-header"
  >
    <h2
      className="text-capitalize no-margin-top"
    />
  </div>
  <span
    className="loading-page-message"
  >
    <i
      aria-hidden="true"
      className="fa fa-spinner fa-pulse"
    />
     
    Wait here
  </span>
</div>
`;

exports[`<LoadingPage/> no props 1`] = `
<Page
  hasHeader={true}
  notFound={false}
>
  <PageHeader
    showNotifications={false}
  />
  <LoadingSpinner
    msg="Loading..."
    wrapperClassName="loading-page-message"
  />
</Page>
`;
